warning: function is missing necessary lifetime bounds
  --> $DIR/from-trait-impl.rs:15:1
   |
LL | fn func1(foo: Foo<(&str,)>) {
   | ^^^^^^^^^^^^^^^^^^^^^^^^^^^
   |
   = warning: this was previously accepted by the compiler but is being phased out; it will become a hard error in a future release!
   = note: for more information, see issue #109628 <https://github.com/rust-lang/rust/issues/109628>
   = note: to get more detailed errors, use `#[deny(implied_bounds_from_trait_impl)]`
   = note: `#[warn(implied_bounds_from_trait_impl)]` on by default

warning: implementation is missing necessary lifetime bounds
  --> $DIR/from-trait-impl.rs:23:1
   |
LL | impl<X> TestTrait for [Foo<(X,)>; 1] {}
   | ^^^^^^^^^^^^^^^^^^^^^^^^^^^^^^^^^^^^
   |
   = warning: this was previously accepted by the compiler but is being phased out; it will become a hard error in a future release!
   = note: for more information, see issue #109628 <https://github.com/rust-lang/rust/issues/109628>
   = note: to get more detailed errors, use `#[deny(implied_bounds_from_trait_impl)]`

warning: 2 warnings emitted

