warning: method is missing necessary lifetime bounds
  --> $DIR/sod_service_chain.rs:30:5
   |
LL | /     pub fn next<NS: Service<Input = S::Output>>(
LL | |
LL | |
LL | |         self,
LL | |     ) -> ServiceChainBuilder<ServiceChain<P, S>, NS> {
   | |____________________________________________________^
   |
   = warning: this was previously accepted by the compiler but is being phased out; it will become a hard error in a future release!
   = note: for more information, see issue #109628 <https://github.com/rust-lang/rust/issues/109628>
   = note: to get more detailed errors, use `#[deny(implied_bounds_from_trait_impl)]`
   = note: `#[warn(implied_bounds_from_trait_impl)]` on by default

warning: 1 warning emitted

