error[E0658]: associated type bounds are unstable
  --> $DIR/feature-gate-associated_type_bounds.rs:11:20
   |
LL | struct _St1<T: Tr1<As1: Tr2>> {
   |                    ^^^^^^^^
   |
   = note: see issue #52662 <https://github.com/rust-lang/rust/issues/52662> for more information
   = help: add `#![feature(associated_type_bounds)]` to the crate attributes to enable

error[E0658]: associated type bounds are unstable
  --> $DIR/feature-gate-associated_type_bounds.rs:18:18
   |
LL | enum _En1<T: Tr1<As1: Tr2>> {
   |                  ^^^^^^^^
   |
   = note: see issue #52662 <https://github.com/rust-lang/rust/issues/52662> for more information
   = help: add `#![feature(associated_type_bounds)]` to the crate attributes to enable

error[E0658]: associated type bounds are unstable
  --> $DIR/feature-gate-associated_type_bounds.rs:25:19
   |
LL | union _Un1<T: Tr1<As1: Tr2>> {
   |                   ^^^^^^^^
   |
   = note: see issue #52662 <https://github.com/rust-lang/rust/issues/52662> for more information
   = help: add `#![feature(associated_type_bounds)]` to the crate attributes to enable

error[E0658]: associated type bounds are unstable
  --> $DIR/feature-gate-associated_type_bounds.rs:32:37
   |
LL | type _TaWhere1<T> where T: Iterator<Item: Copy> = T;
   |                                     ^^^^^^^^^^
   |
   = note: see issue #52662 <https://github.com/rust-lang/rust/issues/52662> for more information
   = help: add `#![feature(associated_type_bounds)]` to the crate attributes to enable

error[E0658]: associated type bounds are unstable
  --> $DIR/feature-gate-associated_type_bounds.rs:35:22
   |
LL | fn _apit(_: impl Tr1<As1: Copy>) {}
   |                      ^^^^^^^^^
   |
   = note: see issue #52662 <https://github.com/rust-lang/rust/issues/52662> for more information
   = help: add `#![feature(associated_type_bounds)]` to the crate attributes to enable

error[E0658]: associated type bounds are unstable
  --> $DIR/feature-gate-associated_type_bounds.rs:37:26
   |
LL | fn _apit_dyn(_: &dyn Tr1<As1: Copy>) {}
   |                          ^^^^^^^^^
   |
   = note: see issue #52662 <https://github.com/rust-lang/rust/issues/52662> for more information
   = help: add `#![feature(associated_type_bounds)]` to the crate attributes to enable

error[E0658]: associated type bounds are unstable
  --> $DIR/feature-gate-associated_type_bounds.rs:40:24
   |
LL | fn _rpit() -> impl Tr1<As1: Copy> { S1 }
   |                        ^^^^^^^^^
   |
   = note: see issue #52662 <https://github.com/rust-lang/rust/issues/52662> for more information
   = help: add `#![feature(associated_type_bounds)]` to the crate attributes to enable

error[E0658]: associated type bounds are unstable
  --> $DIR/feature-gate-associated_type_bounds.rs:43:31
   |
LL | fn _rpit_dyn() -> Box<dyn Tr1<As1: Copy>> { Box::new(S1) }
   |                               ^^^^^^^^^
   |
   = note: see issue #52662 <https://github.com/rust-lang/rust/issues/52662> for more information
   = help: add `#![feature(associated_type_bounds)]` to the crate attributes to enable

error[E0658]: associated type bounds are unstable
  --> $DIR/feature-gate-associated_type_bounds.rs:46:23
   |
LL | const _cdef: impl Tr1<As1: Copy> = S1;
   |                       ^^^^^^^^^
   |
   = note: see issue #52662 <https://github.com/rust-lang/rust/issues/52662> for more information
   = help: add `#![feature(associated_type_bounds)]` to the crate attributes to enable

error[E0658]: associated type bounds are unstable
  --> $DIR/feature-gate-associated_type_bounds.rs:52:24
   |
LL | static _sdef: impl Tr1<As1: Copy> = S1;
   |                        ^^^^^^^^^
   |
   = note: see issue #52662 <https://github.com/rust-lang/rust/issues/52662> for more information
   = help: add `#![feature(associated_type_bounds)]` to the crate attributes to enable

error[E0658]: associated type bounds are unstable
  --> $DIR/feature-gate-associated_type_bounds.rs:59:21
   |
LL |     let _: impl Tr1<As1: Copy> = S1;
   |                     ^^^^^^^^^
   |
   = note: see issue #52662 <https://github.com/rust-lang/rust/issues/52662> for more information
   = help: add `#![feature(associated_type_bounds)]` to the crate attributes to enable

error[E0562]: `impl Trait` only allowed in function and inherent method return types, not in const types
  --> $DIR/feature-gate-associated_type_bounds.rs:46:14
   |
LL | const _cdef: impl Tr1<As1: Copy> = S1;
   |              ^^^^^^^^^^^^^^^^^^^

error[E0562]: `impl Trait` only allowed in function and inherent method return types, not in const types
  --> $DIR/feature-gate-associated_type_bounds.rs:52:15
   |
LL | static _sdef: impl Tr1<As1: Copy> = S1;
   |               ^^^^^^^^^^^^^^^^^^^

error[E0562]: `impl Trait` only allowed in function and inherent method return types, not in variable bindings
  --> $DIR/feature-gate-associated_type_bounds.rs:59:12
   |
LL |     let _: impl Tr1<As1: Copy> = S1;
   |            ^^^^^^^^^^^^^^^^^^^

error: aborting due to 14 previous errors

Some errors have detailed explanations: E0562, E0658.
For more information about an error, try `rustc --explain E0562`.
