error[E0719]: the value of the associated type `Item` (from trait `Iterator`) is already specified
  --> $DIR/duplicate.rs:8:36
   |
LL | struct SI1<T: Iterator<Item: Copy, Item: Send>> {
   |                        ----------  ^^^^^^^^^^ re-bound here
   |                        |
   |                        `Item` bound here first

error[E0719]: the value of the associated type `Item` (from trait `Iterator`) is already specified
  --> $DIR/duplicate.rs:12:36
   |
LL | struct SI2<T: Iterator<Item: Copy, Item: Copy>> {
   |                        ----------  ^^^^^^^^^^ re-bound here
   |                        |
   |                        `Item` bound here first

error[E0719]: the value of the associated type `Item` (from trait `Iterator`) is already specified
  --> $DIR/duplicate.rs:16:39
   |
LL | struct SI3<T: Iterator<Item: 'static, Item: 'static>> {
   |                        -------------  ^^^^^^^^^^^^^ re-bound here
   |                        |
   |                        `Item` bound here first

error[E0719]: the value of the associated type `Item` (from trait `Iterator`) is already specified
  --> $DIR/duplicate.rs:22:29
   |
LL |     T: Iterator<Item: Copy, Item: Send>,
   |                 ----------  ^^^^^^^^^^ re-bound here
   |                 |
   |                 `Item` bound here first

error[E0719]: the value of the associated type `Item` (from trait `Iterator`) is already specified
  --> $DIR/duplicate.rs:29:29
   |
LL |     T: Iterator<Item: Copy, Item: Copy>,
   |                 ----------  ^^^^^^^^^^ re-bound here
   |                 |
   |                 `Item` bound here first

error[E0719]: the value of the associated type `Item` (from trait `Iterator`) is already specified
  --> $DIR/duplicate.rs:36:32
   |
LL |     T: Iterator<Item: 'static, Item: 'static>,
   |                 -------------  ^^^^^^^^^^^^^ re-bound here
   |                 |
   |                 `Item` bound here first

error[E0719]: the value of the associated type `Item` (from trait `Iterator`) is already specified
  --> $DIR/duplicate.rs:42:34
   |
LL | enum EI1<T: Iterator<Item: Copy, Item: Send>> {
   |                      ----------  ^^^^^^^^^^ re-bound here
   |                      |
   |                      `Item` bound here first

error[E0719]: the value of the associated type `Item` (from trait `Iterator`) is already specified
  --> $DIR/duplicate.rs:46:34
   |
LL | enum EI2<T: Iterator<Item: Copy, Item: Copy>> {
   |                      ----------  ^^^^^^^^^^ re-bound here
   |                      |
   |                      `Item` bound here first

error[E0719]: the value of the associated type `Item` (from trait `Iterator`) is already specified
  --> $DIR/duplicate.rs:50:37
   |
LL | enum EI3<T: Iterator<Item: 'static, Item: 'static>> {
   |                      -------------  ^^^^^^^^^^^^^ re-bound here
   |                      |
   |                      `Item` bound here first

error[E0719]: the value of the associated type `Item` (from trait `Iterator`) is already specified
  --> $DIR/duplicate.rs:56:29
   |
LL |     T: Iterator<Item: Copy, Item: Send>,
   |                 ----------  ^^^^^^^^^^ re-bound here
   |                 |
   |                 `Item` bound here first

error[E0719]: the value of the associated type `Item` (from trait `Iterator`) is already specified
  --> $DIR/duplicate.rs:63:29
   |
LL |     T: Iterator<Item: Copy, Item: Copy>,
   |                 ----------  ^^^^^^^^^^ re-bound here
   |                 |
   |                 `Item` bound here first

error[E0719]: the value of the associated type `Item` (from trait `Iterator`) is already specified
  --> $DIR/duplicate.rs:70:32
   |
LL |     T: Iterator<Item: 'static, Item: 'static>,
   |                 -------------  ^^^^^^^^^^^^^ re-bound here
   |                 |
   |                 `Item` bound here first

error[E0719]: the value of the associated type `Item` (from trait `Iterator`) is already specified
  --> $DIR/duplicate.rs:76:35
   |
LL | union UI1<T: Iterator<Item: Copy, Item: Send>> {
   |                       ----------  ^^^^^^^^^^ re-bound here
   |                       |
   |                       `Item` bound here first

error[E0719]: the value of the associated type `Item` (from trait `Iterator`) is already specified
  --> $DIR/duplicate.rs:80:35
   |
LL | union UI2<T: Iterator<Item: Copy, Item: Copy>> {
   |                       ----------  ^^^^^^^^^^ re-bound here
   |                       |
   |                       `Item` bound here first

error[E0719]: the value of the associated type `Item` (from trait `Iterator`) is already specified
  --> $DIR/duplicate.rs:84:38
   |
LL | union UI3<T: Iterator<Item: 'static, Item: 'static>> {
   |                       -------------  ^^^^^^^^^^^^^ re-bound here
   |                       |
   |                       `Item` bound here first

error[E0719]: the value of the associated type `Item` (from trait `Iterator`) is already specified
  --> $DIR/duplicate.rs:90:29
   |
LL |     T: Iterator<Item: Copy, Item: Send>,
   |                 ----------  ^^^^^^^^^^ re-bound here
   |                 |
   |                 `Item` bound here first

error[E0719]: the value of the associated type `Item` (from trait `Iterator`) is already specified
  --> $DIR/duplicate.rs:97:29
   |
LL |     T: Iterator<Item: Copy, Item: Copy>,
   |                 ----------  ^^^^^^^^^^ re-bound here
   |                 |
   |                 `Item` bound here first

error[E0719]: the value of the associated type `Item` (from trait `Iterator`) is already specified
  --> $DIR/duplicate.rs:104:32
   |
LL |     T: Iterator<Item: 'static, Item: 'static>,
   |                 -------------  ^^^^^^^^^^^^^ re-bound here
   |                 |
   |                 `Item` bound here first

error[E0719]: the value of the associated type `Item` (from trait `Iterator`) is already specified
  --> $DIR/duplicate.rs:110:32
   |
LL | fn FI1<T: Iterator<Item: Copy, Item: Send>>() {}
   |                    ----------  ^^^^^^^^^^ re-bound here
   |                    |
   |                    `Item` bound here first

error[E0719]: the value of the associated type `Item` (from trait `Iterator`) is already specified
  --> $DIR/duplicate.rs:112:32
   |
LL | fn FI2<T: Iterator<Item: Copy, Item: Copy>>() {}
   |                    ----------  ^^^^^^^^^^ re-bound here
   |                    |
   |                    `Item` bound here first

error[E0719]: the value of the associated type `Item` (from trait `Iterator`) is already specified
  --> $DIR/duplicate.rs:114:35
   |
LL | fn FI3<T: Iterator<Item: 'static, Item: 'static>>() {}
   |                    -------------  ^^^^^^^^^^^^^ re-bound here
   |                    |
   |                    `Item` bound here first

error[E0719]: the value of the associated type `Item` (from trait `Iterator`) is already specified
  --> $DIR/duplicate.rs:118:29
   |
LL |     T: Iterator<Item: Copy, Item: Send>,
   |                 ----------  ^^^^^^^^^^ re-bound here
   |                 |
   |                 `Item` bound here first

error[E0719]: the value of the associated type `Item` (from trait `Iterator`) is already specified
  --> $DIR/duplicate.rs:124:29
   |
LL |     T: Iterator<Item: Copy, Item: Copy>,
   |                 ----------  ^^^^^^^^^^ re-bound here
   |                 |
   |                 `Item` bound here first

error[E0719]: the value of the associated type `Item` (from trait `Iterator`) is already specified
  --> $DIR/duplicate.rs:130:32
   |
LL |     T: Iterator<Item: 'static, Item: 'static>,
   |                 -------------  ^^^^^^^^^^^^^ re-bound here
   |                 |
   |                 `Item` bound here first

error[E0719]: the value of the associated type `Item` (from trait `Iterator`) is already specified
  --> $DIR/duplicate.rs:135:42
   |
LL | fn FRPIT1() -> impl Iterator<Item: Copy, Item: Send> {
   |                              ----------  ^^^^^^^^^^ re-bound here
   |                              |
   |                              `Item` bound here first

error[E0719]: the value of the associated type `Item` (from trait `Iterator`) is already specified
  --> $DIR/duplicate.rs:139:42
   |
LL | fn FRPIT2() -> impl Iterator<Item: Copy, Item: Copy> {
   |                              ----------  ^^^^^^^^^^ re-bound here
   |                              |
   |                              `Item` bound here first

error[E0719]: the value of the associated type `Item` (from trait `Iterator`) is already specified
  --> $DIR/duplicate.rs:143:45
   |
LL | fn FRPIT3() -> impl Iterator<Item: 'static, Item: 'static> {
   |                              -------------  ^^^^^^^^^^^^^ re-bound here
   |                              |
   |                              `Item` bound here first

error[E0719]: the value of the associated type `Item` (from trait `Iterator`) is already specified
  --> $DIR/duplicate.rs:147:40
   |
LL | fn FAPIT1(_: impl Iterator<Item: Copy, Item: Send>) {}
   |                            ----------  ^^^^^^^^^^ re-bound here
   |                            |
   |                            `Item` bound here first

error[E0719]: the value of the associated type `Item` (from trait `Iterator`) is already specified
  --> $DIR/duplicate.rs:149:40
   |
LL | fn FAPIT2(_: impl Iterator<Item: Copy, Item: Copy>) {}
   |                            ----------  ^^^^^^^^^^ re-bound here
   |                            |
   |                            `Item` bound here first

error[E0719]: the value of the associated type `Item` (from trait `Iterator`) is already specified
  --> $DIR/duplicate.rs:151:43
   |
LL | fn FAPIT3(_: impl Iterator<Item: 'static, Item: 'static>) {}
   |                            -------------  ^^^^^^^^^^^^^ re-bound here
   |                            |
   |                            `Item` bound here first

error[E0719]: the value of the associated type `Item` (from trait `Iterator`) is already specified
  --> $DIR/duplicate.rs:154:35
   |
LL | type TAI1<T: Iterator<Item: Copy, Item: Send>> = T;
   |                       ----------  ^^^^^^^^^^ re-bound here
   |                       |
   |                       `Item` bound here first

error[E0719]: the value of the associated type `Item` (from trait `Iterator`) is already specified
  --> $DIR/duplicate.rs:156:35
   |
LL | type TAI2<T: Iterator<Item: Copy, Item: Copy>> = T;
   |                       ----------  ^^^^^^^^^^ re-bound here
   |                       |
   |                       `Item` bound here first

error[E0719]: the value of the associated type `Item` (from trait `Iterator`) is already specified
  --> $DIR/duplicate.rs:158:38
   |
LL | type TAI3<T: Iterator<Item: 'static, Item: 'static>> = T;
   |                       -------------  ^^^^^^^^^^^^^ re-bound here
   |                       |
   |                       `Item` bound here first

error[E0719]: the value of the associated type `Item` (from trait `Iterator`) is already specified
  --> $DIR/duplicate.rs:162:29
   |
LL |     T: Iterator<Item: Copy, Item: Send>,
   |                 ----------  ^^^^^^^^^^ re-bound here
   |                 |
   |                 `Item` bound here first

error[E0719]: the value of the associated type `Item` (from trait `Iterator`) is already specified
  --> $DIR/duplicate.rs:167:29
   |
LL |     T: Iterator<Item: Copy, Item: Copy>,
   |                 ----------  ^^^^^^^^^^ re-bound here
   |                 |
   |                 `Item` bound here first

error[E0719]: the value of the associated type `Item` (from trait `Iterator`) is already specified
  --> $DIR/duplicate.rs:172:32
   |
LL |     T: Iterator<Item: 'static, Item: 'static>,
   |                 -------------  ^^^^^^^^^^^^^ re-bound here
   |                 |
   |                 `Item` bound here first

error[E0719]: the value of the associated type `Item` (from trait `Iterator`) is already specified
  --> $DIR/duplicate.rs:176:36
   |
LL | type ETAI1<T: Iterator<Item: Copy, Item: Send>> = impl Copy;
   |                        ----------  ^^^^^^^^^^ re-bound here
   |                        |
   |                        `Item` bound here first

error[E0719]: the value of the associated type `Item` (from trait `Iterator`) is already specified
  --> $DIR/duplicate.rs:178:36
   |
LL | type ETAI2<T: Iterator<Item: Copy, Item: Copy>> = impl Copy;
   |                        ----------  ^^^^^^^^^^ re-bound here
   |                        |
   |                        `Item` bound here first

error[E0719]: the value of the associated type `Item` (from trait `Iterator`) is already specified
  --> $DIR/duplicate.rs:180:39
   |
LL | type ETAI3<T: Iterator<Item: 'static, Item: 'static>> = impl Copy;
   |                        -------------  ^^^^^^^^^^^^^ re-bound here
   |                        |
   |                        `Item` bound here first

error[E0719]: the value of the associated type `Item` (from trait `Iterator`) is already specified
  --> $DIR/duplicate.rs:182:40
   |
LL | type ETAI4 = impl Iterator<Item: Copy, Item: Send>;
   |                            ----------  ^^^^^^^^^^ re-bound here
   |                            |
   |                            `Item` bound here first

error[E0719]: the value of the associated type `Item` (from trait `Iterator`) is already specified
  --> $DIR/duplicate.rs:184:40
   |
LL | type ETAI5 = impl Iterator<Item: Copy, Item: Copy>;
   |                            ----------  ^^^^^^^^^^ re-bound here
   |                            |
   |                            `Item` bound here first

error[E0719]: the value of the associated type `Item` (from trait `Iterator`) is already specified
  --> $DIR/duplicate.rs:186:43
   |
LL | type ETAI6 = impl Iterator<Item: 'static, Item: 'static>;
   |                            -------------  ^^^^^^^^^^^^^ re-bound here
   |                            |
   |                            `Item` bound here first

error[E0719]: the value of the associated type `Item` (from trait `Iterator`) is already specified
  --> $DIR/duplicate.rs:189:36
   |
LL | trait TRI1<T: Iterator<Item: Copy, Item: Send>> {}
   |                        ----------  ^^^^^^^^^^ re-bound here
   |                        |
   |                        `Item` bound here first

error[E0719]: the value of the associated type `Item` (from trait `Iterator`) is already specified
  --> $DIR/duplicate.rs:191:36
   |
LL | trait TRI2<T: Iterator<Item: Copy, Item: Copy>> {}
   |                        ----------  ^^^^^^^^^^ re-bound here
   |                        |
   |                        `Item` bound here first

error[E0719]: the value of the associated type `Item` (from trait `Iterator`) is already specified
  --> $DIR/duplicate.rs:193:39
   |
LL | trait TRI3<T: Iterator<Item: 'static, Item: 'static>> {}
   |                        -------------  ^^^^^^^^^^^^^ re-bound here
   |                        |
   |                        `Item` bound here first

error[E0719]: the value of the associated type `Item` (from trait `Iterator`) is already specified
  --> $DIR/duplicate.rs:195:34
   |
LL | trait TRS1: Iterator<Item: Copy, Item: Send> {}
   |                      ----------  ^^^^^^^^^^ re-bound here
   |                      |
   |                      `Item` bound here first

error[E0719]: the value of the associated type `Item` (from trait `Iterator`) is already specified
  --> $DIR/duplicate.rs:195:34
   |
LL | trait TRS1: Iterator<Item: Copy, Item: Send> {}
   |                      ----------  ^^^^^^^^^^ re-bound here
   |                      |
   |                      `Item` bound here first

error[E0719]: the value of the associated type `Item` (from trait `Iterator`) is already specified
  --> $DIR/duplicate.rs:198:34
   |
LL | trait TRS2: Iterator<Item: Copy, Item: Copy> {}
   |                      ----------  ^^^^^^^^^^ re-bound here
   |                      |
   |                      `Item` bound here first

error[E0719]: the value of the associated type `Item` (from trait `Iterator`) is already specified
  --> $DIR/duplicate.rs:198:34
   |
LL | trait TRS2: Iterator<Item: Copy, Item: Copy> {}
   |                      ----------  ^^^^^^^^^^ re-bound here
   |                      |
   |                      `Item` bound here first

error[E0719]: the value of the associated type `Item` (from trait `Iterator`) is already specified
  --> $DIR/duplicate.rs:201:37
   |
LL | trait TRS3: Iterator<Item: 'static, Item: 'static> {}
   |                      -------------  ^^^^^^^^^^^^^ re-bound here
   |                      |
   |                      `Item` bound here first

error[E0719]: the value of the associated type `Item` (from trait `Iterator`) is already specified
  --> $DIR/duplicate.rs:201:37
   |
LL | trait TRS3: Iterator<Item: 'static, Item: 'static> {}
   |                      -------------  ^^^^^^^^^^^^^ re-bound here
   |                      |
   |                      `Item` bound here first

error[E0719]: the value of the associated type `Item` (from trait `Iterator`) is already specified
  --> $DIR/duplicate.rs:206:29
   |
LL |     T: Iterator<Item: Copy, Item: Send>,
   |                 ----------  ^^^^^^^^^^ re-bound here
   |                 |
   |                 `Item` bound here first

error[E0719]: the value of the associated type `Item` (from trait `Iterator`) is already specified
  --> $DIR/duplicate.rs:212:29
   |
LL |     T: Iterator<Item: Copy, Item: Copy>,
   |                 ----------  ^^^^^^^^^^ re-bound here
   |                 |
   |                 `Item` bound here first

error[E0719]: the value of the associated type `Item` (from trait `Iterator`) is already specified
  --> $DIR/duplicate.rs:218:32
   |
LL |     T: Iterator<Item: 'static, Item: 'static>,
   |                 -------------  ^^^^^^^^^^^^^ re-bound here
   |                 |
   |                 `Item` bound here first

error[E0719]: the value of the associated type `Item` (from trait `Iterator`) is already specified
  --> $DIR/duplicate.rs:224:32
   |
LL |     Self: Iterator<Item: Copy, Item: Send>,
   |                    ----------  ^^^^^^^^^^ re-bound here
   |                    |
   |                    `Item` bound here first

error[E0719]: the value of the associated type `Item` (from trait `Iterator`) is already specified
  --> $DIR/duplicate.rs:224:32
   |
LL |     Self: Iterator<Item: Copy, Item: Send>,
   |                    ----------  ^^^^^^^^^^ re-bound here
   |                    |
   |                    `Item` bound here first

error[E0719]: the value of the associated type `Item` (from trait `Iterator`) is already specified
  --> $DIR/duplicate.rs:231:32
   |
LL |     Self: Iterator<Item: Copy, Item: Copy>,
   |                    ----------  ^^^^^^^^^^ re-bound here
   |                    |
   |                    `Item` bound here first

error[E0719]: the value of the associated type `Item` (from trait `Iterator`) is already specified
  --> $DIR/duplicate.rs:231:32
   |
LL |     Self: Iterator<Item: Copy, Item: Copy>,
   |                    ----------  ^^^^^^^^^^ re-bound here
   |                    |
   |                    `Item` bound here first

error[E0719]: the value of the associated type `Item` (from trait `Iterator`) is already specified
  --> $DIR/duplicate.rs:238:35
   |
LL |     Self: Iterator<Item: 'static, Item: 'static>,
   |                    -------------  ^^^^^^^^^^^^^ re-bound here
   |                    |
   |                    `Item` bound here first

error[E0719]: the value of the associated type `Item` (from trait `Iterator`) is already specified
  --> $DIR/duplicate.rs:238:35
   |
LL |     Self: Iterator<Item: 'static, Item: 'static>,
   |                    -------------  ^^^^^^^^^^^^^ re-bound here
   |                    |
   |                    `Item` bound here first

error[E0719]: the value of the associated type `Item` (from trait `Iterator`) is already specified
  --> $DIR/duplicate.rs:256:40
   |
LL | type TADyn1 = dyn Iterator<Item: Copy, Item: Send>;
   |                            ----------  ^^^^^^^^^^ re-bound here
   |                            |
   |                            `Item` bound here first

error[E0719]: the value of the associated type `Item` (from trait `Iterator`) is already specified
  --> $DIR/duplicate.rs:258:44
   |
LL | type TADyn2 = Box<dyn Iterator<Item: Copy, Item: Copy>>;
   |                                ----------  ^^^^^^^^^^ re-bound here
   |                                |
   |                                `Item` bound here first

error[E0719]: the value of the associated type `Item` (from trait `Iterator`) is already specified
  --> $DIR/duplicate.rs:260:43
   |
LL | type TADyn3 = dyn Iterator<Item: 'static, Item: 'static>;
   |                            -------------  ^^^^^^^^^^^^^ re-bound here
   |                            |
   |                            `Item` bound here first

error[E0719]: the value of the associated type `Item` (from trait `Iterator`) is already specified
  --> $DIR/duplicate.rs:244:34
   |
LL |     type A: Iterator<Item: Copy, Item: Send>;
   |                      ----------  ^^^^^^^^^^ re-bound here
   |                      |
   |                      `Item` bound here first

error[E0719]: the value of the associated type `Item` (from trait `Iterator`) is already specified
  --> $DIR/duplicate.rs:248:34
   |
LL |     type A: Iterator<Item: Copy, Item: Copy>;
   |                      ----------  ^^^^^^^^^^ re-bound here
   |                      |
   |                      `Item` bound here first

error[E0719]: the value of the associated type `Item` (from trait `Iterator`) is already specified
  --> $DIR/duplicate.rs:252:37
   |
LL |     type A: Iterator<Item: 'static, Item: 'static>;
   |                      -------------  ^^^^^^^^^^^^^ re-bound here
   |                      |
   |                      `Item` bound here first

error: aborting due to 66 previous errors

For more information about this error, try `rustc --explain E0719`.
