error[E0275]: overflow evaluating the requirement `u8: Element<()>`
  --> $DIR/issue-69683.rs:30:10
   |
LL |     0u16.foo(b);
   |          ^^^
   |
   = help: consider adding a `#![recursion_limit="256"]` attribute to your crate (`issue_69683`)
   = note: required because of the requirements on the impl of `Element<[(); 3]>` for `u8`
   = note: 126 redundant requirements hidden
   = note: required because of the requirements on the impl of `Element<[[[[[[[[[[[[[[[[[[[[[[[[[[[[[[[[[[[[[[[[[[[[[[[[[[[[[[[[[[[[[[[[[[[[[[[[[[[[[[[[[[[[[[[[[[[[[[[[[[[[[[[[[[[[[[[[[[[[[[[[[[[[[[[(); 3]; 3]; 3]; 3]; 3]; 3]; 3]; 3]; 3]; 3]; 3]; 3]; 3]; 3]; 3]; 3]; 3]; 3]; 3]; 3]; 3]; 3]; 3]; 3]; 3]; 3]; 3]; 3]; 3]; 3]; 3]; 3]; 3]; 3]; 3]; 3]; 3]; 3]; 3]; 3]; 3]; 3]; 3]; 3]; 3]; 3]; 3]; 3]; 3]; 3]; 3]; 3]; 3]; 3]; 3]; 3]; 3]; 3]; 3]; 3]; 3]; 3]; 3]; 3]; 3]; 3]; 3]; 3]; 3]; 3]; 3]; 3]; 3]; 3]; 3]; 3]; 3]; 3]; 3]; 3]; 3]; 3]; 3]; 3]; 3]; 3]; 3]; 3]; 3]; 3]; 3]; 3]; 3]; 3]; 3]; 3]; 3]; 3]; 3]; 3]; 3]; 3]; 3]; 3]; 3]; 3]; 3]; 3]; 3]; 3]; 3]; 3]; 3]; 3]; 3]; 3]; 3]; 3]; 3]; 3]; 3]; 3]; 3]; 3]; 3]; 3]; 3]>` for `u8`
note: required because of the requirements on the impl of `Foo<[[[[[[[[[[[[[[[[[[[[[[[[[[[[[[[[[[[[[[[[[[[[[[[[[[[[[[[[[[[[[[[[[[[[[[[[[[[[[[[[[[[[[[[[[[[[[[[[[[[[[[[[[[[[[[[[[[[[[[[[[[[[[[[(); 3]; 3]; 3]; 3]; 3]; 3]; 3]; 3]; 3]; 3]; 3]; 3]; 3]; 3]; 3]; 3]; 3]; 3]; 3]; 3]; 3]; 3]; 3]; 3]; 3]; 3]; 3]; 3]; 3]; 3]; 3]; 3]; 3]; 3]; 3]; 3]; 3]; 3]; 3]; 3]; 3]; 3]; 3]; 3]; 3]; 3]; 3]; 3]; 3]; 3]; 3]; 3]; 3]; 3]; 3]; 3]; 3]; 3]; 3]; 3]; 3]; 3]; 3]; 3]; 3]; 3]; 3]; 3]; 3]; 3]; 3]; 3]; 3]; 3]; 3]; 3]; 3]; 3]; 3]; 3]; 3]; 3]; 3]; 3]; 3]; 3]; 3]; 3]; 3]; 3]; 3]; 3]; 3]; 3]; 3]; 3]; 3]; 3]; 3]; 3]; 3]; 3]; 3]; 3]; 3]; 3]; 3]; 3]; 3]; 3]; 3]; 3]; 3]; 3]; 3]; 3]; 3]; 3]; 3]; 3]; 3]; 3]; 3]; 3]; 3]; 3]; 3]>` for `u16`
  --> $DIR/issue-69683.rs:20:9
   |
LL | impl<I> Foo<I> for u16
   |         ^^^^^^     ^^^

error: aborting due to previous error

For more information about this error, try `rustc --explain E0275`.
