error: generic parameters may not be used in const operations
  --> $DIR/complex-expression.rs:9:38
   |
LL | struct Break0<const N: usize>([u8; { N + 1 }]);
   |                                      ^ cannot perform const operation using `N`
   |
   = help: const parameters may only be used as standalone arguments, i.e. `N`
   = help: use `#![feature(generic_const_exprs)]` to allow generic const expressions

error: generic parameters may not be used in const operations
  --> $DIR/complex-expression.rs:12:40
   |
LL | struct Break1<const N: usize>([u8; { { N } }]);
   |                                        ^ cannot perform const operation using `N`
   |
   = help: const parameters may only be used as standalone arguments, i.e. `N`
   = help: use `#![feature(generic_const_exprs)]` to allow generic const expressions

error: generic parameters may not be used in const operations
  --> $DIR/complex-expression.rs:16:17
   |
LL |     let _: [u8; N + 1];
   |                 ^ cannot perform const operation using `N`
   |
   = help: const parameters may only be used as standalone arguments, i.e. `N`
   = help: use `#![feature(generic_const_exprs)]` to allow generic const expressions

error: generic parameters may not be used in const operations
  --> $DIR/complex-expression.rs:21:17
   |
LL |     let _ = [0; N + 1];
   |                 ^ cannot perform const operation using `N`
   |
   = help: const parameters may only be used as standalone arguments, i.e. `N`
   = help: use `#![feature(generic_const_exprs)]` to allow generic const expressions

error: generic parameters may not be used in const operations
  --> $DIR/complex-expression.rs:25:45
   |
LL | struct BreakTy0<T>(T, [u8; { size_of::<*mut T>() }]);
   |                                             ^ cannot perform const operation using `T`
   |
   = note: type parameters may not be used in const expressions
   = help: use `#![feature(generic_const_exprs)]` to allow generic const expressions

error: generic parameters may not be used in const operations
  --> $DIR/complex-expression.rs:28:47
   |
LL | struct BreakTy1<T>(T, [u8; { { size_of::<*mut T>() } }]);
   |                                               ^ cannot perform const operation using `T`
   |
   = note: type parameters may not be used in const expressions
   = help: use `#![feature(generic_const_exprs)]` to allow generic const expressions

error: generic parameters may not be used in const operations
  --> $DIR/complex-expression.rs:32:32
   |
LL |     let _: [u8; size_of::<*mut T>() + 1];
   |                                ^ cannot perform const operation using `T`
   |
   = note: type parameters may not be used in const expressions
   = help: use `#![feature(generic_const_exprs)]` to allow generic const expressions

error: aborting due to 7 previous errors

